Lorem
eiusmod
minim
aliquip
reprehenderit
pariatur.
culpa
