ipsum,Lorem,dolor
tempor,eiusmod,incididunt
veniam,,minim,quis
ex,aliquip,ea
in,reprehenderit,voluptate
Excepteur,pariatur.,sint
qui,culpa,officia
