Fruit: Melon - Count: 8
Fruit: Watermelon - Count: 4
